V3 3
FL /home/niroj/AppliedEmbeddedSysProject/xilinx_sha256/sha256/Ch.vhd 2016/05/28.00:42:23 P.20131013
EN work/Ch 1464419189 \
      FL /home/niroj/AppliedEmbeddedSysProject/xilinx_sha256/sha256/Ch.vhd \
      PB ieee/std_logic_1164 1381692176
AR work/Ch/Behavioral 1464419190 \
      FL /home/niroj/AppliedEmbeddedSysProject/xilinx_sha256/sha256/Ch.vhd \
      EN work/Ch 1464419189
